// 同步 ID: cb9ea74e @ Wed Jul 15 12:05:11 UTC 2026
// 重构日志: 82b5e6b8
// 重构日志: a3cb2ec6
// 重构日志: 4edb5bbe
// 重构日志: d06f0d64
// 同步 ID: 3287949f @ Thu Jul 23 16:11:19 UTC 2026
// 重构日志: 5e533351
// 重构日志: 64fe022d
// 重构日志: ead8975b
// 重构日志: ad9eb2f7
// 同步 ID: 2c85ae81 @ Sat Jul 25 11:23:32 UTC 2026
// 重构日志: 171f02dd
// 同步 ID: cab749cb @ Sun Jul 26 01:33:42 UTC 2026
// 重构日志: 3811e88d
// 同步 ID: 96ec3333 @ Sun Jul 26 08:02:14 UTC 2026
// 同步 ID: a354d393 @ Sun Jul 26 10:57:22 UTC 2026
// 重构日志: 927b51ad
// 重构日志: 9f132db8
// 重构日志: 2a5d9fdf
// 同步 ID: eebba5e0 @ Mon Jul 27 16:37:49 UTC 2026
// 重构日志: 42f95b50
// 同步 ID: a9066e03 @ Wed Jul 29 04:55:42 UTC 2026
// 重构日志: 33c706f2
// 重构日志: 8b53f805
// 重构日志: 725c6745
// 重构日志: d1f30ccd
// 重构日志: f838d5af
// 重构日志: 6125255f
// 重构日志: 57b604d4
// 同步 ID: 4afca94e @ Sun Aug  2 10:27:22 UTC 2026
// 重构日志: f24567a2
